
> gear-line-tablet@0.1.0 start
> react-native start --port 8081


Welcome to React Native v0.85
Starting dev server on http://localhost:8081


                        ▒▒▓▓▓▓▒▒
                     ▒▓▓▓▒▒░░▒▒▓▓▓▒
                  ▒▓▓▓▓░░░▒▒▒▒░░░▓▓▓▓▒
                 ▓▓▒▒▒▓▓▓▓▓▓▓▓▓▓▓▓▒▒▒▓▓
                 ▓▓░░░░░▒▓▓▓▓▓▓▒░░░░░▓▓
                 ▓▓░░▓▓▒░░░▒▒░░░▒▓▒░░▓▓
                 ▓▓░░▓▓▓▓▓▒▒▒▒▓▓▓▓▒░░▓▓
                 ▓▓░░▓▓▓▓▓▓▓▓▓▓▓▓▓▒░░▓▓
                 ▓▓▒░░▒▒▓▓▓▓▓▓▓▓▒░░░▒▓▓
                  ▒▓▓▓▒░░░▒▓▓▒░░░▒▓▓▓▒
                     ▒▓▓▓▒░░░░▒▓▓▓▒
                        ▒▒▓▓▓▓▒▒


                Welcome to Metro v0.84.4
              Fast - Scalable - Integrated


 INFO  Dev server ready. Press Ctrl+C to exit.
 INFO  Interactive mode is not supported in this environment
 BUNDLE  ./index.js ░░░░░░░░░░░░░░░░ 0% (0/1)
 BUNDLE  ./index.js ░░░░░░░░░░░░░░░░ 1% (1/1)
 BUNDLE  ./index.js ▓▓░░░░░░░░░░░░░░ 16% (5/104)
 BUNDLE  ./index.js ▓▓░░░░░░░░░░░░░░ 16% (13/120)
 BUNDLE  ./index.js ▓▓░░░░░░░░░░░░░░ 16% (63/190)
 BUNDLE  ./index.js ▓▓▓▓░░░░░░░░░░░░ 27% (139/264)
 BUNDLE  ./index.js ▓▓▓▓▓░░░░░░░░░░░ 35% (212/354)
 BUNDLE  ./index.js ▓▓▓▓▓▓▓░░░░░░░░░ 48% (282/406)
 BUNDLE  ./index.js ▓▓▓▓▓▓▓▓▓▓░░░░░░ 65% (346/427)
 BUNDLE  ./index.js ▓▓▓▓▓▓▓▓▓▓▓▓▓░░░ 83% (412/450)
 BUNDLE  ./index.js ▓▓▓▓▓▓▓▓▓▓▓▓▓░░░ 84% (437/477)
 BUNDLE  ./index.js ▓▓▓▓▓▓▓▓▓▓▓▓▓▓░░ 89% (492/520)
 BUNDLE  ./index.js ▓▓▓▓▓▓▓▓▓▓▓▓▓▓▓░ 99% (539/568)
 BUNDLE  ./index.js ▓▓▓▓▓▓▓▓▓▓▓▓▓▓▓░ 99% (592/624)
 BUNDLE  ./index.js 
 ERROR  Error: Unable to resolve module ./BottomNav from C:\Users\ducbu\Documents\GitHub\gear-post-heat-feeder\src\Tablet.App\src\components\AppShell.tsx: 

None of these files exist:
  * src\components\BottomNav(.android.js|.native.js|.js|.android.jsx|.native.jsx|.jsx|.android.json|.native.json|.json|.android.ts|.native.ts|.ts|.android.tsx|.native.tsx|.tsx)
  * src\components\BottomNav
   5 | import {colors, radius, spacing} from '../styles/theme';
   6 | import {StatusBadge} from './StatusBadge';
>  7 | import {BottomNav, type AppPage} from './BottomNav';
     |                                        ^
   8 |
   9 | interface Props {
  10 |   currentPage: AppPage;
    at ModuleResolver.resolveDependency (C:\Users\ducbu\Documents\GitHub\gear-post-heat-feeder\src\Tablet.App\node_modules\metro\src\node-haste\DependencyGraph\ModuleResolution.js:143:15)
    at DependencyGraph.resolveDependency (C:\Users\ducbu\Documents\GitHub\gear-post-heat-feeder\src\Tablet.App\node_modules\metro\src\node-haste\DependencyGraph.js:263:43)
    at C:\Users\ducbu\Documents\GitHub\gear-post-heat-feeder\src\Tablet.App\node_modules\metro\src\lib\transformHelpers.js:165:21
    at resolveDependencies (C:\Users\ducbu\Documents\GitHub\gear-post-heat-feeder\src\Tablet.App\node_modules\metro\src\DeltaBundler\buildSubgraph.js:43:25)
    at visit (C:\Users\ducbu\Documents\GitHub\gear-post-heat-feeder\src\Tablet.App\node_modules\metro\src\DeltaBundler\buildSubgraph.js:81:30)
    at async Promise.all (index 0)
    at async buildSubgraph (C:\Users\ducbu\Documents\GitHub\gear-post-heat-feeder\src\Tablet.App\node_modules\metro\src\DeltaBundler\buildSubgraph.js:105:3)
    at async Graph._buildDelta (C:\Users\ducbu\Documents\GitHub\gear-post-heat-feeder\src\Tablet.App\node_modules\metro\src\DeltaBundler\Graph.js:163:22)
    at async Graph.traverseDependencies (C:\Users\ducbu\Documents\GitHub\gear-post-heat-feeder\src\Tablet.App\node_modules\metro\src\DeltaBundler\Graph.js:50:19)
    at async DeltaCalculator._getChangedDependencies (C:\Users\ducbu\Documents\GitHub\gear-post-heat-feeder\src\Tablet.App\node_modules\metro\src\DeltaBundler\DeltaCalculator.js:200:42)
 ERROR  Error: Unable to resolve module ./BottomNav from C:\Users\ducbu\Documents\GitHub\gear-post-heat-feeder\src\Tablet.App\src\components\AppShell.tsx: 

None of these files exist:
  * src\components\BottomNav(.android.js|.native.js|.js|.android.jsx|.native.jsx|.jsx|.android.json|.native.json|.json|.android.ts|.native.ts|.ts|.android.tsx|.native.tsx|.tsx)
  * src\components\BottomNav
   5 | import {colors, radius, spacing} from '../styles/theme';
   6 | import {StatusBadge} from './StatusBadge';
>  7 | import {BottomNav, type AppPage} from './BottomNav';
     |                                        ^
   8 |
   9 | interface Props {
  10 |   currentPage: AppPage;
    at ModuleResolver.resolveDependency (C:\Users\ducbu\Documents\GitHub\gear-post-heat-feeder\src\Tablet.App\node_modules\metro\src\node-haste\DependencyGraph\ModuleResolution.js:143:15)
    at DependencyGraph.resolveDependency (C:\Users\ducbu\Documents\GitHub\gear-post-heat-feeder\src\Tablet.App\node_modules\metro\src\node-haste\DependencyGraph.js:263:43)
    at C:\Users\ducbu\Documents\GitHub\gear-post-heat-feeder\src\Tablet.App\node_modules\metro\src\lib\transformHelpers.js:165:21
    at resolveDependencies (C:\Users\ducbu\Documents\GitHub\gear-post-heat-feeder\src\Tablet.App\node_modules\metro\src\DeltaBundler\buildSubgraph.js:43:25)
    at visit (C:\Users\ducbu\Documents\GitHub\gear-post-heat-feeder\src\Tablet.App\node_modules\metro\src\DeltaBundler\buildSubgraph.js:81:30)
    at async Promise.all (index 0)
    at async buildSubgraph (C:\Users\ducbu\Documents\GitHub\gear-post-heat-feeder\src\Tablet.App\node_modules\metro\src\DeltaBundler\buildSubgraph.js:105:3)
    at async Graph._buildDelta (C:\Users\ducbu\Documents\GitHub\gear-post-heat-feeder\src\Tablet.App\node_modules\metro\src\DeltaBundler\Graph.js:163:22)
    at async Graph.traverseDependencies (C:\Users\ducbu\Documents\GitHub\gear-post-heat-feeder\src\Tablet.App\node_modules\metro\src\DeltaBundler\Graph.js:50:19)
    at async DeltaCalculator._getChangedDependencies (C:\Users\ducbu\Documents\GitHub\gear-post-heat-feeder\src\Tablet.App\node_modules\metro\src\DeltaBundler\DeltaCalculator.js:200:42)
 ERROR  Error: Unable to resolve module ./BottomNav from C:\Users\ducbu\Documents\GitHub\gear-post-heat-feeder\src\Tablet.App\src\components\AppShell.tsx: 

None of these files exist:
  * src\components\BottomNav(.android.js|.native.js|.js|.android.jsx|.native.jsx|.jsx|.android.json|.native.json|.json|.android.ts|.native.ts|.ts|.android.tsx|.native.tsx|.tsx)
  * src\components\BottomNav
   5 | import {colors, radius, spacing} from '../styles/theme';
   6 | import {StatusBadge} from './StatusBadge';
>  7 | import {BottomNav, type AppPage} from './BottomNav';
     |                                        ^
   8 |
   9 | interface Props {
  10 |   currentPage: AppPage;
    at ModuleResolver.resolveDependency (C:\Users\ducbu\Documents\GitHub\gear-post-heat-feeder\src\Tablet.App\node_modules\metro\src\node-haste\DependencyGraph\ModuleResolution.js:143:15)
    at DependencyGraph.resolveDependency (C:\Users\ducbu\Documents\GitHub\gear-post-heat-feeder\src\Tablet.App\node_modules\metro\src\node-haste\DependencyGraph.js:263:43)
    at C:\Users\ducbu\Documents\GitHub\gear-post-heat-feeder\src\Tablet.App\node_modules\metro\src\lib\transformHelpers.js:165:21
    at resolveDependencies (C:\Users\ducbu\Documents\GitHub\gear-post-heat-feeder\src\Tablet.App\node_modules\metro\src\DeltaBundler\buildSubgraph.js:43:25)
    at visit (C:\Users\ducbu\Documents\GitHub\gear-post-heat-feeder\src\Tablet.App\node_modules\metro\src\DeltaBundler\buildSubgraph.js:81:30)
    at async Promise.all (index 0)
    at async buildSubgraph (C:\Users\ducbu\Documents\GitHub\gear-post-heat-feeder\src\Tablet.App\node_modules\metro\src\DeltaBundler\buildSubgraph.js:105:3)
    at async Graph._buildDelta (C:\Users\ducbu\Documents\GitHub\gear-post-heat-feeder\src\Tablet.App\node_modules\metro\src\DeltaBundler\Graph.js:163:22)
    at async Graph.traverseDependencies (C:\Users\ducbu\Documents\GitHub\gear-post-heat-feeder\src\Tablet.App\node_modules\metro\src\DeltaBundler\Graph.js:50:19)
    at async DeltaCalculator._getChangedDependencies (C:\Users\ducbu\Documents\GitHub\gear-post-heat-feeder\src\Tablet.App\node_modules\metro\src\DeltaBundler\DeltaCalculator.js:200:42)
 BUNDLE  ./index.js ░░░░░░░░░░░░░░░░ 0% (0/1)
 BUNDLE  ./index.js 
 BUNDLE  ./index.js ░░░░░░░░░░░░░░░░ 0% (0/1)
 BUNDLE  ./index.js 
 BUNDLE  ./index.js ░░░░░░░░░░░░░░░░ 0% (0/1)
 BUNDLE  ./index.js 
 BUNDLE  ./index.js ░░░░░░░░░░░░░░░░ 0% (0/1)
 BUNDLE  ./index.js 
 BUNDLE  ./index.js ░░░░░░░░░░░░░░░░ 0% (0/1)
 BUNDLE  ./index.js 
 BUNDLE  ./index.js ░░░░░░░░░░░░░░░░ 0% (0/1)
 BUNDLE  ./index.js 
 ERROR  [timeout] connection terminated with Device for app='com.gearlinetablet' on device='23046RP50C - 15 - API 35' after not responding for 60 seconds.
 BUNDLE  ./index.js ░░░░░░░░░░░░░░░░ 0% (0/1)
 BUNDLE  ./index.js 
